<?xml version="1.0" encoding="ISO-8859-1" ?>
<link_info>
   <banner>MSP430 Linker Unix v18.12.2.LTS</banner>
   <copyright>Copyright (c) 2003-2018 Texas Instruments Incorporated</copyright>
   <link_time>0x5dd4588e</link_time>
   <link_errors>0x1</link_errors>
   <output_file>LCD method extraction.out</output_file>
   <entry_point>
      <name>_c_int00_noargs</name>
      <address>0xdbb0</address>
   </entry_point>
   <input_file_list>
      <input_file id="fl-1">
         <path>./</path>
         <kind>object</kind>
         <file>main.obj</file>
         <name>main.obj</name>
      </input_file>
      <input_file id="fl-6">
         <kind>object</kind>
         <file>&lt;internal&gt;</file>
         <name>&lt;internal&gt;</name>
      </input_file>
      <input_file id="fl-1c">
         <path>/Applications/ti/ccs910/ccs/tools/compiler/ti-cgt-msp430_18.12.2.LTS/lib/</path>
         <kind>archive</kind>
         <file>rts430x_lc_sd_eabi.lib</file>
         <name>printf.c.obj</name>
      </input_file>
      <input_file id="fl-1d">
         <path>/Applications/ti/ccs910/ccs/tools/compiler/ti-cgt-msp430_18.12.2.LTS/lib/</path>
         <kind>archive</kind>
         <file>rts430x_lc_sd_eabi.lib</file>
         <name>_printfi_min.c.obj</name>
      </input_file>
      <input_file id="fl-1e">
         <path>/Applications/ti/ccs910/ccs/tools/compiler/ti-cgt-msp430_18.12.2.LTS/lib/</path>
         <kind>archive</kind>
         <file>rts430x_lc_sd_eabi.lib</file>
         <name>fputc.c.obj</name>
      </input_file>
      <input_file id="fl-1f">
         <path>/Applications/ti/ccs910/ccs/tools/compiler/ti-cgt-msp430_18.12.2.LTS/lib/</path>
         <kind>archive</kind>
         <file>rts430x_lc_sd_eabi.lib</file>
         <name>fputs.c.obj</name>
      </input_file>
      <input_file id="fl-20">
         <path>/Applications/ti/ccs910/ccs/tools/compiler/ti-cgt-msp430_18.12.2.LTS/lib/</path>
         <kind>archive</kind>
         <file>rts430x_lc_sd_eabi.lib</file>
         <name>_io_perm.c.obj</name>
      </input_file>
      <input_file id="fl-21">
         <path>/Applications/ti/ccs910/ccs/tools/compiler/ti-cgt-msp430_18.12.2.LTS/lib/</path>
         <kind>archive</kind>
         <file>rts430x_lc_sd_eabi.lib</file>
         <name>setvbuf.c.obj</name>
      </input_file>
      <input_file id="fl-22">
         <path>/Applications/ti/ccs910/ccs/tools/compiler/ti-cgt-msp430_18.12.2.LTS/lib/</path>
         <kind>archive</kind>
         <file>rts430x_lc_sd_eabi.lib</file>
         <name>div16s.asm.obj</name>
      </input_file>
      <input_file id="fl-23">
         <path>/Applications/ti/ccs910/ccs/tools/compiler/ti-cgt-msp430_18.12.2.LTS/lib/</path>
         <kind>archive</kind>
         <file>rts430x_lc_sd_eabi.lib</file>
         <name>div16u.asm.obj</name>
      </input_file>
      <input_file id="fl-24">
         <path>/Applications/ti/ccs910/ccs/tools/compiler/ti-cgt-msp430_18.12.2.LTS/lib/</path>
         <kind>archive</kind>
         <file>rts430x_lc_sd_eabi.lib</file>
         <name>int45.asm.obj</name>
      </input_file>
      <input_file id="fl-25">
         <path>/Applications/ti/ccs910/ccs/tools/compiler/ti-cgt-msp430_18.12.2.LTS/lib/</path>
         <kind>archive</kind>
         <file>rts430x_lc_sd_eabi.lib</file>
         <name>int46.asm.obj</name>
      </input_file>
      <input_file id="fl-26">
         <path>/Applications/ti/ccs910/ccs/tools/compiler/ti-cgt-msp430_18.12.2.LTS/lib/</path>
         <kind>archive</kind>
         <file>rts430x_lc_sd_eabi.lib</file>
         <name>int47.asm.obj</name>
      </input_file>
      <input_file id="fl-27">
         <path>/Applications/ti/ccs910/ccs/tools/compiler/ti-cgt-msp430_18.12.2.LTS/lib/</path>
         <kind>archive</kind>
         <file>rts430x_lc_sd_eabi.lib</file>
         <name>int48.asm.obj</name>
      </input_file>
      <input_file id="fl-28">
         <path>/Applications/ti/ccs910/ccs/tools/compiler/ti-cgt-msp430_18.12.2.LTS/lib/</path>
         <kind>archive</kind>
         <file>rts430x_lc_sd_eabi.lib</file>
         <name>int49.asm.obj</name>
      </input_file>
      <input_file id="fl-29">
         <path>/Applications/ti/ccs910/ccs/tools/compiler/ti-cgt-msp430_18.12.2.LTS/lib/</path>
         <kind>archive</kind>
         <file>rts430x_lc_sd_eabi.lib</file>
         <name>int50.asm.obj</name>
      </input_file>
      <input_file id="fl-2a">
         <path>/Applications/ti/ccs910/ccs/tools/compiler/ti-cgt-msp430_18.12.2.LTS/lib/</path>
         <kind>archive</kind>
         <file>rts430x_lc_sd_eabi.lib</file>
         <name>int51.asm.obj</name>
      </input_file>
      <input_file id="fl-2b">
         <path>/Applications/ti/ccs910/ccs/tools/compiler/ti-cgt-msp430_18.12.2.LTS/lib/</path>
         <kind>archive</kind>
         <file>rts430x_lc_sd_eabi.lib</file>
         <name>int52.asm.obj</name>
      </input_file>
      <input_file id="fl-2c">
         <path>/Applications/ti/ccs910/ccs/tools/compiler/ti-cgt-msp430_18.12.2.LTS/lib/</path>
         <kind>archive</kind>
         <file>rts430x_lc_sd_eabi.lib</file>
         <name>int53.asm.obj</name>
      </input_file>
      <input_file id="fl-2d">
         <path>/Applications/ti/ccs910/ccs/tools/compiler/ti-cgt-msp430_18.12.2.LTS/lib/</path>
         <kind>archive</kind>
         <file>rts430x_lc_sd_eabi.lib</file>
         <name>int54.asm.obj</name>
      </input_file>
      <input_file id="fl-2e">
         <path>/Applications/ti/ccs910/ccs/tools/compiler/ti-cgt-msp430_18.12.2.LTS/lib/</path>
         <kind>archive</kind>
         <file>rts430x_lc_sd_eabi.lib</file>
         <name>int55.asm.obj</name>
      </input_file>
      <input_file id="fl-2f">
         <path>/Applications/ti/ccs910/ccs/tools/compiler/ti-cgt-msp430_18.12.2.LTS/lib/</path>
         <kind>archive</kind>
         <file>rts430x_lc_sd_eabi.lib</file>
         <name>int56.asm.obj</name>
      </input_file>
      <input_file id="fl-30">
         <path>/Applications/ti/ccs910/ccs/tools/compiler/ti-cgt-msp430_18.12.2.LTS/lib/</path>
         <kind>archive</kind>
         <file>rts430x_lc_sd_eabi.lib</file>
         <name>int57.asm.obj</name>
      </input_file>
      <input_file id="fl-31">
         <path>/Applications/ti/ccs910/ccs/tools/compiler/ti-cgt-msp430_18.12.2.LTS/lib/</path>
         <kind>archive</kind>
         <file>rts430x_lc_sd_eabi.lib</file>
         <name>int58.asm.obj</name>
      </input_file>
      <input_file id="fl-32">
         <path>/Applications/ti/ccs910/ccs/tools/compiler/ti-cgt-msp430_18.12.2.LTS/lib/</path>
         <kind>archive</kind>
         <file>rts430x_lc_sd_eabi.lib</file>
         <name>isr_trap.asm.obj</name>
      </input_file>
      <input_file id="fl-33">
         <path>/Applications/ti/ccs910/ccs/tools/compiler/ti-cgt-msp430_18.12.2.LTS/lib/</path>
         <kind>archive</kind>
         <file>rts430x_lc_sd_eabi.lib</file>
         <name>mult16.asm.obj</name>
      </input_file>
      <input_file id="fl-34">
         <path>/Applications/ti/ccs910/ccs/tools/compiler/ti-cgt-msp430_18.12.2.LTS/lib/</path>
         <kind>archive</kind>
         <file>rts430x_lc_sd_eabi.lib</file>
         <name>boot.c.obj</name>
      </input_file>
      <input_file id="fl-35">
         <path>/Applications/ti/ccs910/ccs/tools/compiler/ti-cgt-msp430_18.12.2.LTS/lib/</path>
         <kind>archive</kind>
         <file>rts430x_lc_sd_eabi.lib</file>
         <name>autoinit.c.obj</name>
      </input_file>
      <input_file id="fl-36">
         <path>/Applications/ti/ccs910/ccs/tools/compiler/ti-cgt-msp430_18.12.2.LTS/lib/</path>
         <kind>archive</kind>
         <file>rts430x_lc_sd_eabi.lib</file>
         <name>copy_zero_init.c.obj</name>
      </input_file>
      <input_file id="fl-37">
         <path>/Applications/ti/ccs910/ccs/tools/compiler/ti-cgt-msp430_18.12.2.LTS/lib/</path>
         <kind>archive</kind>
         <file>rts430x_lc_sd_eabi.lib</file>
         <name>exit_gvars.c.obj</name>
      </input_file>
      <input_file id="fl-38">
         <path>/Applications/ti/ccs910/ccs/tools/compiler/ti-cgt-msp430_18.12.2.LTS/lib/</path>
         <kind>archive</kind>
         <file>rts430x_lc_sd_eabi.lib</file>
         <name>cpy_tbl.c.obj</name>
      </input_file>
      <input_file id="fl-39">
         <path>/Applications/ti/ccs910/ccs/tools/compiler/ti-cgt-msp430_18.12.2.LTS/lib/</path>
         <kind>archive</kind>
         <file>rts430x_lc_sd_eabi.lib</file>
         <name>mpu_init.c.obj</name>
      </input_file>
      <input_file id="fl-3a">
         <path>/Applications/ti/ccs910/ccs/tools/compiler/ti-cgt-msp430_18.12.2.LTS/lib/</path>
         <kind>archive</kind>
         <file>rts430x_lc_sd_eabi.lib</file>
         <name>lsr64.c.obj</name>
      </input_file>
      <input_file id="fl-3b">
         <path>/Applications/ti/ccs910/ccs/tools/compiler/ti-cgt-msp430_18.12.2.LTS/lib/</path>
         <kind>archive</kind>
         <file>rts430x_lc_sd_eabi.lib</file>
         <name>pre_init.c.obj</name>
      </input_file>
      <input_file id="fl-3c">
         <path>/Applications/ti/ccs910/ccs/tools/compiler/ti-cgt-msp430_18.12.2.LTS/lib/</path>
         <kind>archive</kind>
         <file>rts430x_lc_sd_eabi.lib</file>
         <name>startup.c.obj</name>
      </input_file>
      <input_file id="fl-3d">
         <path>/Applications/ti/ccs910/ccs/tools/compiler/ti-cgt-msp430_18.12.2.LTS/lib/</path>
         <kind>archive</kind>
         <file>rts430x_lc_sd_eabi.lib</file>
         <name>copy_decompress_none.c.obj</name>
      </input_file>
      <input_file id="fl-3e">
         <path>/Applications/ti/ccs910/ccs/tools/compiler/ti-cgt-msp430_18.12.2.LTS/lib/</path>
         <kind>archive</kind>
         <file>rts430x_lc_sd_eabi.lib</file>
         <name>copy_decompress_lzss.c.obj</name>
      </input_file>
      <input_file id="fl-3f">
         <path>/Applications/ti/ccs910/ccs/tools/compiler/ti-cgt-msp430_18.12.2.LTS/lib/</path>
         <kind>archive</kind>
         <file>rts430x_lc_sd_eabi.lib</file>
         <name>exit.c.obj</name>
      </input_file>
      <input_file id="fl-40">
         <path>/Applications/ti/ccs910/ccs/tools/compiler/ti-cgt-msp430_18.12.2.LTS/lib/</path>
         <kind>archive</kind>
         <file>rts430x_lc_sd_eabi.lib</file>
         <name>_lock.c.obj</name>
      </input_file>
      <input_file id="fl-41">
         <path>/Applications/ti/ccs910/ccs/tools/compiler/ti-cgt-msp430_18.12.2.LTS/lib/</path>
         <kind>archive</kind>
         <file>rts430x_lc_sd_eabi.lib</file>
         <name>args_main.c.obj</name>
      </input_file>
      <input_file id="fl-42">
         <path>/Applications/ti/ccs910/ccs/tools/compiler/ti-cgt-msp430_18.12.2.LTS/lib/</path>
         <kind>archive</kind>
         <file>rts430x_lc_sd_eabi.lib</file>
         <name>defs.c.obj</name>
      </input_file>
      <input_file id="fl-43">
         <path>/Applications/ti/ccs910/ccs/tools/compiler/ti-cgt-msp430_18.12.2.LTS/lib/</path>
         <kind>archive</kind>
         <file>rts430x_lc_sd_eabi.lib</file>
         <name>memccpy.c.obj</name>
      </input_file>
      <input_file id="fl-44">
         <path>/Applications/ti/ccs910/ccs/tools/compiler/ti-cgt-msp430_18.12.2.LTS/lib/</path>
         <kind>archive</kind>
         <file>rts430x_lc_sd_eabi.lib</file>
         <name>memchr.c.obj</name>
      </input_file>
      <input_file id="fl-45">
         <path>/Applications/ti/ccs910/ccs/tools/compiler/ti-cgt-msp430_18.12.2.LTS/lib/</path>
         <kind>archive</kind>
         <file>rts430x_lc_sd_eabi.lib</file>
         <name>memcpy.c.obj</name>
      </input_file>
      <input_file id="fl-46">
         <path>/Applications/ti/ccs910/ccs/tools/compiler/ti-cgt-msp430_18.12.2.LTS/lib/</path>
         <kind>archive</kind>
         <file>rts430x_lc_sd_eabi.lib</file>
         <name>memory.c.obj</name>
      </input_file>
      <input_file id="fl-47">
         <path>/Applications/ti/ccs910/ccs/tools/compiler/ti-cgt-msp430_18.12.2.LTS/lib/</path>
         <kind>archive</kind>
         <file>rts430x_lc_sd_eabi.lib</file>
         <name>memset.c.obj</name>
      </input_file>
      <input_file id="fl-48">
         <path>/Applications/ti/ccs910/ccs/tools/compiler/ti-cgt-msp430_18.12.2.LTS/lib/</path>
         <kind>archive</kind>
         <file>rts430x_lc_sd_eabi.lib</file>
         <name>strlen.c.obj</name>
      </input_file>
      <input_file id="fl-49">
         <path>/Applications/ti/ccs910/ccs/tools/compiler/ti-cgt-msp430_18.12.2.LTS/lib/</path>
         <kind>archive</kind>
         <file>rts430x_lc_sd_eabi.lib</file>
         <name>write.c.obj</name>
      </input_file>
      <input_file id="fl-4a">
         <path>/Applications/ti/ccs910/ccs/tools/compiler/ti-cgt-msp430_18.12.2.LTS/lib/</path>
         <kind>archive</kind>
         <file>rts430x_lc_sd_eabi.lib</file>
         <name>host_device.c.obj</name>
      </input_file>
      <input_file id="fl-4b">
         <path>/Applications/ti/ccs910/ccs/tools/compiler/ti-cgt-msp430_18.12.2.LTS/lib/</path>
         <kind>archive</kind>
         <file>rts430x_lc_sd_eabi.lib</file>
         <name>fflush.c.obj</name>
      </input_file>
      <input_file id="fl-4c">
         <path>/Applications/ti/ccs910/ccs/tools/compiler/ti-cgt-msp430_18.12.2.LTS/lib/</path>
         <kind>archive</kind>
         <file>rts430x_lc_sd_eabi.lib</file>
         <name>fopen.c.obj</name>
      </input_file>
      <input_file id="fl-4d">
         <path>/Applications/ti/ccs910/ccs/tools/compiler/ti-cgt-msp430_18.12.2.LTS/lib/</path>
         <kind>archive</kind>
         <file>rts430x_lc_sd_eabi.lib</file>
         <name>fseek.c.obj</name>
      </input_file>
      <input_file id="fl-4e">
         <path>/Applications/ti/ccs910/ccs/tools/compiler/ti-cgt-msp430_18.12.2.LTS/lib/</path>
         <kind>archive</kind>
         <file>rts430x_lc_sd_eabi.lib</file>
         <name>cpy_util.asm.obj</name>
      </input_file>
      <input_file id="fl-4f">
         <path>/Applications/ti/ccs910/ccs/tools/compiler/ti-cgt-msp430_18.12.2.LTS/lib/</path>
         <kind>archive</kind>
         <file>rts430x_lc_sd_eabi.lib</file>
         <name>hostclose.c.obj</name>
      </input_file>
      <input_file id="fl-50">
         <path>/Applications/ti/ccs910/ccs/tools/compiler/ti-cgt-msp430_18.12.2.LTS/lib/</path>
         <kind>archive</kind>
         <file>rts430x_lc_sd_eabi.lib</file>
         <name>hostlseek.c.obj</name>
      </input_file>
      <input_file id="fl-51">
         <path>/Applications/ti/ccs910/ccs/tools/compiler/ti-cgt-msp430_18.12.2.LTS/lib/</path>
         <kind>archive</kind>
         <file>rts430x_lc_sd_eabi.lib</file>
         <name>hostopen.c.obj</name>
      </input_file>
      <input_file id="fl-52">
         <path>/Applications/ti/ccs910/ccs/tools/compiler/ti-cgt-msp430_18.12.2.LTS/lib/</path>
         <kind>archive</kind>
         <file>rts430x_lc_sd_eabi.lib</file>
         <name>hostread.c.obj</name>
      </input_file>
      <input_file id="fl-53">
         <path>/Applications/ti/ccs910/ccs/tools/compiler/ti-cgt-msp430_18.12.2.LTS/lib/</path>
         <kind>archive</kind>
         <file>rts430x_lc_sd_eabi.lib</file>
         <name>hostrename.c.obj</name>
      </input_file>
      <input_file id="fl-54">
         <path>/Applications/ti/ccs910/ccs/tools/compiler/ti-cgt-msp430_18.12.2.LTS/lib/</path>
         <kind>archive</kind>
         <file>rts430x_lc_sd_eabi.lib</file>
         <name>hostunlink.c.obj</name>
      </input_file>
      <input_file id="fl-55">
         <path>/Applications/ti/ccs910/ccs/tools/compiler/ti-cgt-msp430_18.12.2.LTS/lib/</path>
         <kind>archive</kind>
         <file>rts430x_lc_sd_eabi.lib</file>
         <name>hostwrite.c.obj</name>
      </input_file>
      <input_file id="fl-56">
         <path>/Applications/ti/ccs910/ccs/tools/compiler/ti-cgt-msp430_18.12.2.LTS/lib/</path>
         <kind>archive</kind>
         <file>rts430x_lc_sd_eabi.lib</file>
         <name>trgmsg.c.obj</name>
      </input_file>
      <input_file id="fl-57">
         <path>/Applications/ti/ccs910/ccs/tools/compiler/ti-cgt-msp430_18.12.2.LTS/lib/</path>
         <kind>archive</kind>
         <file>rts430x_lc_sd_eabi.lib</file>
         <name>open.c.obj</name>
      </input_file>
      <input_file id="fl-58">
         <path>/Applications/ti/ccs910/ccs/tools/compiler/ti-cgt-msp430_18.12.2.LTS/lib/</path>
         <kind>archive</kind>
         <file>rts430x_lc_sd_eabi.lib</file>
         <name>lseek.c.obj</name>
      </input_file>
      <input_file id="fl-59">
         <path>/Applications/ti/ccs910/ccs/tools/compiler/ti-cgt-msp430_18.12.2.LTS/lib/</path>
         <kind>archive</kind>
         <file>rts430x_lc_sd_eabi.lib</file>
         <name>fclose.c.obj</name>
      </input_file>
      <input_file id="fl-5a">
         <path>/Applications/ti/ccs910/ccs/tools/compiler/ti-cgt-msp430_18.12.2.LTS/lib/</path>
         <kind>archive</kind>
         <file>rts430x_lc_sd_eabi.lib</file>
         <name>getdevice.c.obj</name>
      </input_file>
      <input_file id="fl-5b">
         <path>/Applications/ti/ccs910/ccs/tools/compiler/ti-cgt-msp430_18.12.2.LTS/lib/</path>
         <kind>archive</kind>
         <file>rts430x_lc_sd_eabi.lib</file>
         <name>lsl32.asm.obj</name>
      </input_file>
      <input_file id="fl-5c">
         <path>/Applications/ti/ccs910/ccs/tools/compiler/ti-cgt-msp430_18.12.2.LTS/lib/</path>
         <kind>archive</kind>
         <file>rts430x_lc_sd_eabi.lib</file>
         <name>strchr.c.obj</name>
      </input_file>
      <input_file id="fl-5d">
         <path>/Applications/ti/ccs910/ccs/tools/compiler/ti-cgt-msp430_18.12.2.LTS/lib/</path>
         <kind>archive</kind>
         <file>rts430x_lc_sd_eabi.lib</file>
         <name>strcmp.c.obj</name>
      </input_file>
      <input_file id="fl-5e">
         <path>/Applications/ti/ccs910/ccs/tools/compiler/ti-cgt-msp430_18.12.2.LTS/lib/</path>
         <kind>archive</kind>
         <file>rts430x_lc_sd_eabi.lib</file>
         <name>strcpy.c.obj</name>
      </input_file>
      <input_file id="fl-5f">
         <path>/Applications/ti/ccs910/ccs/tools/compiler/ti-cgt-msp430_18.12.2.LTS/lib/</path>
         <kind>archive</kind>
         <file>rts430x_lc_sd_eabi.lib</file>
         <name>strncpy.c.obj</name>
      </input_file>
      <input_file id="fl-60">
         <path>/Applications/ti/ccs910/ccs/tools/compiler/ti-cgt-msp430_18.12.2.LTS/lib/</path>
         <kind>archive</kind>
         <file>rts430x_lc_sd_eabi.lib</file>
         <name>remove.c.obj</name>
      </input_file>
      <input_file id="fl-61">
         <path>/Applications/ti/ccs910/ccs/tools/compiler/ti-cgt-msp430_18.12.2.LTS/lib/</path>
         <kind>archive</kind>
         <file>rts430x_lc_sd_eabi.lib</file>
         <name>close.c.obj</name>
      </input_file>
      <input_file id="fl-62">
         <path>/Applications/ti/ccs910/ccs/tools/compiler/ti-cgt-msp430_18.12.2.LTS/lib/</path>
         <kind>archive</kind>
         <file>rts430x_lc_sd_eabi.lib</file>
         <name>unlink.c.obj</name>
      </input_file>
   </input_file_list>
   <object_component_list>
      <object_component id="oc-6a9">
         <name>.cinit..data.load</name>
         <load_address>0xc400</load_address>
         <run_address>0xc400</run_address>
         <size>0x138</size>
      </object_component>
      <object_component id="oc-6a6">
         <name>__TI_handler_table</name>
         <load_address>0xc53a</load_address>
         <run_address>0xc53a</run_address>
         <size>0xc</size>
      </object_component>
      <object_component id="oc-6a8">
         <name>.cinit..bss.load</name>
         <load_address>0xc546</load_address>
         <run_address>0xc546</run_address>
         <size>0x6</size>
      </object_component>
      <object_component id="oc-6a7">
         <name>__TI_cinit_table</name>
         <load_address>0xc54c</load_address>
         <run_address>0xc54c</run_address>
         <size>0x10</size>
      </object_component>
      <object_component id="oc-63e">
         <name>.binit</name>
         <load_address>0xc55c</load_address>
         <run_address>0xc55c</run_address>
         <size>0x0</size>
      </object_component>
      <object_component id="oc-397">
         <name>.const:alphabetBig</name>
         <load_address>0xc55c</load_address>
         <run_address>0xc55c</run_address>
         <size>0x34</size>
         <input_file_ref idref="fl-1"/>
      </object_component>
      <object_component id="oc-3b0">
         <name>.const:.string</name>
         <load_address>0xc590</load_address>
         <run_address>0xc590</run_address>
         <size>0x2a</size>
         <input_file_ref idref="fl-1"/>
      </object_component>
      <object_component id="oc-3ac">
         <name>.const:keypad_value</name>
         <load_address>0xc5ba</load_address>
         <run_address>0xc5ba</run_address>
         <size>0x18</size>
         <input_file_ref idref="fl-1"/>
      </object_component>
      <object_component id="oc-394">
         <name>.const:digit</name>
         <load_address>0xc5d2</load_address>
         <run_address>0xc5d2</run_address>
         <size>0x16</size>
         <input_file_ref idref="fl-1"/>
      </object_component>
      <object_component id="oc-4c8">
         <name>.const:.string</name>
         <load_address>0xc5e8</load_address>
         <run_address>0xc5e8</run_address>
         <size>0x14</size>
         <input_file_ref idref="fl-1d"/>
      </object_component>
      <object_component id="oc-3b7">
         <name>.const:.string:digit_7seg</name>
         <load_address>0xc5fc</load_address>
         <run_address>0xc5fc</run_address>
         <size>0xc</size>
         <input_file_ref idref="fl-1"/>
      </object_component>
      <object_component id="oc-2f5">
         <name>.text:main</name>
         <load_address>0xc608</load_address>
         <run_address>0xc608</run_address>
         <size>0x11a</size>
         <input_file_ref idref="fl-1"/>
      </object_component>
      <object_component id="oc-476">
         <name>.text:_setfield</name>
         <load_address>0xc722</load_address>
         <run_address>0xc722</run_address>
         <size>0x10e</size>
         <input_file_ref idref="fl-1d"/>
      </object_component>
      <object_component id="oc-64">
         <name>.text:decompress:lzss:__TI_decompress_lzss</name>
         <load_address>0xc830</load_address>
         <run_address>0xc830</run_address>
         <size>0xee</size>
         <input_file_ref idref="fl-3e"/>
      </object_component>
      <object_component id="oc-41d">
         <name>.text:__TI_printfi_minimal</name>
         <load_address>0xc91e</load_address>
         <run_address>0xc91e</run_address>
         <size>0xe2</size>
         <input_file_ref idref="fl-1d"/>
      </object_component>
      <object_component id="oc-33b">
         <name>.text:take_input</name>
         <load_address>0xca00</load_address>
         <run_address>0xca00</run_address>
         <size>0xe2</size>
         <input_file_ref idref="fl-1"/>
      </object_component>
      <object_component id="oc-554">
         <name>.text:aligned_alloc</name>
         <load_address>0xcae2</load_address>
         <run_address>0xcae2</run_address>
         <size>0xe0</size>
         <input_file_ref idref="fl-46"/>
      </object_component>
      <object_component id="oc-462">
         <name>.text:fputs</name>
         <load_address>0xcbc2</load_address>
         <run_address>0xcbc2</run_address>
         <size>0xde</size>
         <input_file_ref idref="fl-1f"/>
      </object_component>
      <object_component id="oc-4e5">
         <name>.text:setvbuf</name>
         <load_address>0xcca0</load_address>
         <run_address>0xcca0</run_address>
         <size>0xcc</size>
         <input_file_ref idref="fl-21"/>
      </object_component>
      <object_component id="oc-50e">
         <name>.text:free</name>
         <load_address>0xcd6c</load_address>
         <run_address>0xcd6c</run_address>
         <size>0xca</size>
         <input_file_ref idref="fl-46"/>
      </object_component>
      <object_component id="oc-4c9">
         <name>.text:_pproc_diouxp</name>
         <load_address>0xce36</load_address>
         <run_address>0xce36</run_address>
         <size>0xc4</size>
         <input_file_ref idref="fl-1d"/>
      </object_component>
      <object_component id="oc-341">
         <name>.text:display_on_lcd</name>
         <load_address>0xcefa</load_address>
         <run_address>0xcefa</run_address>
         <size>0xac</size>
         <input_file_ref idref="fl-1"/>
      </object_component>
      <object_component id="oc-32f">
         <name>.text:showChar</name>
         <load_address>0xcfa6</load_address>
         <run_address>0xcfa6</run_address>
         <size>0xa2</size>
         <input_file_ref idref="fl-1"/>
      </object_component>
      <object_component id="oc-347">
         <name>.text:OneStep</name>
         <load_address>0xd048</load_address>
         <run_address>0xd048</run_address>
         <size>0x98</size>
         <input_file_ref idref="fl-1"/>
      </object_component>
      <object_component id="oc-469">
         <name>.text:fputc</name>
         <load_address>0xd0e0</load_address>
         <run_address>0xd0e0</run_address>
         <size>0x8c</size>
         <input_file_ref idref="fl-1e"/>
      </object_component>
      <object_component id="oc-57f">
         <name>.text:HOSTlseek</name>
         <load_address>0xd16c</load_address>
         <run_address>0xd16c</run_address>
         <size>0x82</size>
         <input_file_ref idref="fl-50"/>
      </object_component>
      <object_component id="oc-4a4">
         <name>.text:__TI_wrt_ok</name>
         <load_address>0xd1ee</load_address>
         <run_address>0xd1ee</run_address>
         <size>0x7a</size>
         <input_file_ref idref="fl-20"/>
      </object_component>
      <object_component id="oc-58b">
         <name>.text:HOSTrename</name>
         <load_address>0xd268</load_address>
         <run_address>0xd268</run_address>
         <size>0x6a</size>
         <input_file_ref idref="fl-53"/>
      </object_component>
      <object_component id="oc-377">
         <name>.text:__TI_auto_init_nobinit_nopinit_hold_wdt:__TI_auto_init_nobinit_nopinit_hold_wdt</name>
         <load_address>0xd2d2</load_address>
         <run_address>0xd2d2</run_address>
         <size>0x6a</size>
         <input_file_ref idref="fl-35"/>
      </object_component>
      <object_component id="oc-4df">
         <name>.text:fseek</name>
         <load_address>0xd33c</load_address>
         <run_address>0xd33c</run_address>
         <size>0x6a</size>
         <input_file_ref idref="fl-4d"/>
      </object_component>
      <object_component id="oc-59f">
         <name>.text:split</name>
         <load_address>0xd3a6</load_address>
         <run_address>0xd3a6</run_address>
         <size>0x6a</size>
         <input_file_ref idref="fl-46"/>
      </object_component>
      <object_component id="oc-55b">
         <name>.text:__TI_closefile</name>
         <load_address>0xd410</load_address>
         <run_address>0xd410</run_address>
         <size>0x68</size>
         <input_file_ref idref="fl-59"/>
      </object_component>
      <object_component id="oc-567">
         <name>.text:HOSTopen</name>
         <load_address>0xd478</load_address>
         <run_address>0xd478</run_address>
         <size>0x64</size>
         <input_file_ref idref="fl-51"/>
      </object_component>
      <object_component id="oc-4b0">
         <name>.text:__TI_doflush</name>
         <load_address>0xd4dc</load_address>
         <run_address>0xd4dc</run_address>
         <size>0x62</size>
         <input_file_ref idref="fl-4b"/>
      </object_component>
      <object_component id="oc-579">
         <name>.text:HOSTwrite</name>
         <load_address>0xd53e</load_address>
         <run_address>0xd53e</run_address>
         <size>0x60</size>
         <input_file_ref idref="fl-55"/>
      </object_component>
      <object_component id="oc-573">
         <name>.text:HOSTread</name>
         <load_address>0xd59e</load_address>
         <run_address>0xd59e</run_address>
         <size>0x5e</size>
         <input_file_ref idref="fl-52"/>
      </object_component>
      <object_component id="oc-335">
         <name>.text:check_negative</name>
         <load_address>0xd5fc</load_address>
         <run_address>0xd5fc</run_address>
         <size>0x58</size>
         <input_file_ref idref="fl-1"/>
      </object_component>
      <object_component id="oc-3bf">
         <name>.text:setPin</name>
         <load_address>0xd654</load_address>
         <run_address>0xd654</run_address>
         <size>0x58</size>
         <input_file_ref idref="fl-1"/>
      </object_component>
      <object_component id="oc-5e5">
         <name>.text:getdevice</name>
         <load_address>0xd6ac</load_address>
         <run_address>0xd6ac</run_address>
         <size>0x54</size>
         <input_file_ref idref="fl-5a"/>
      </object_component>
      <object_component id="oc-5a6">
         <name>.text:close</name>
         <load_address>0xd700</load_address>
         <run_address>0xd700</run_address>
         <size>0x4a</size>
         <input_file_ref idref="fl-61"/>
      </object_component>
      <object_component id="oc-359">
         <name>.text:exit</name>
         <load_address>0xd74a</load_address>
         <run_address>0xd74a</run_address>
         <size>0x48</size>
         <input_file_ref idref="fl-3f"/>
      </object_component>
      <object_component id="oc-56d">
         <name>.text:HOSTclose</name>
         <load_address>0xd792</load_address>
         <run_address>0xd792</run_address>
         <size>0x46</size>
         <input_file_ref idref="fl-4f"/>
      </object_component>
      <object_component id="oc-585">
         <name>.text:HOSTunlink</name>
         <load_address>0xd7d8</load_address>
         <run_address>0xd7d8</run_address>
         <size>0x42</size>
         <input_file_ref idref="fl-54"/>
      </object_component>
      <object_component id="oc-28d">
         <name>.text:__memcpy_far</name>
         <load_address>0xd81a</load_address>
         <run_address>0xd81a</run_address>
         <size>0x40</size>
         <input_file_ref idref="fl-4e"/>
      </object_component>
      <object_component id="oc-3b1">
         <name>.text:printf</name>
         <load_address>0xd85a</load_address>
         <run_address>0xd85a</run_address>
         <size>0x40</size>
         <input_file_ref idref="fl-1c"/>
      </object_component>
      <object_component id="oc-323">
         <name>.text:set_input_mode</name>
         <load_address>0xd89a</load_address>
         <run_address>0xd89a</run_address>
         <size>0x40</size>
         <input_file_ref idref="fl-1"/>
      </object_component>
      <object_component id="oc-29e">
         <name>.text:decompress:ZI:__TI_zero_init_nomemset:__TI_zero_init_nomemset</name>
         <load_address>0xd8da</load_address>
         <run_address>0xd8da</run_address>
         <size>0x3e</size>
         <input_file_ref idref="fl-36"/>
      </object_component>
      <object_component id="oc-5cd">
         <name>.text:l_lsl_const</name>
         <load_address>0xd918</load_address>
         <run_address>0xd918</run_address>
         <size>0x3e</size>
         <input_file_ref idref="fl-5b"/>
      </object_component>
      <object_component id="oc-6a">
         <name>.text:decompress:none:__TI_decompress_none</name>
         <load_address>0xd956</load_address>
         <run_address>0xd956</run_address>
         <size>0x3c</size>
         <input_file_ref idref="fl-3d"/>
      </object_component>
      <object_component id="oc-329">
         <name>.text:clear_lcd</name>
         <load_address>0xd992</load_address>
         <run_address>0xd992</run_address>
         <size>0x38</size>
         <input_file_ref idref="fl-1"/>
      </object_component>
      <object_component id="oc-3a1">
         <name>.text:set_column</name>
         <load_address>0xd9ca</load_address>
         <run_address>0xd9ca</run_address>
         <size>0x38</size>
         <input_file_ref idref="fl-1"/>
      </object_component>
      <object_component id="oc-51a">
         <name>.text:__TI_cleanup</name>
         <load_address>0xda02</load_address>
         <run_address>0xda02</run_address>
         <size>0x32</size>
         <input_file_ref idref="fl-4c"/>
      </object_component>
      <object_component id="oc-5ba">
         <name>.text:__TI_writemsg</name>
         <load_address>0xda34</load_address>
         <run_address>0xda34</run_address>
         <size>0x2e</size>
         <input_file_ref idref="fl-56"/>
      </object_component>
      <object_component id="oc-614">
         <name>.text:finddevice</name>
         <load_address>0xda62</load_address>
         <run_address>0xda62</run_address>
         <size>0x2e</size>
         <input_file_ref idref="fl-5a"/>
      </object_component>
      <object_component id="oc-5c0">
         <name>.text:__TI_readmsg</name>
         <load_address>0xda90</load_address>
         <run_address>0xda90</run_address>
         <size>0x2c</size>
         <input_file_ref idref="fl-56"/>
      </object_component>
      <object_component id="oc-39a">
         <name>.text</name>
         <load_address>0xdabc</load_address>
         <run_address>0xdabc</run_address>
         <size>0x2c</size>
         <input_file_ref idref="fl-22"/>
      </object_component>
      <object_component id="oc-60e">
         <name>.text:strncpy</name>
         <load_address>0xdae8</load_address>
         <run_address>0xdae8</run_address>
         <size>0x2c</size>
         <input_file_ref idref="fl-5f"/>
      </object_component>
      <object_component id="oc-5ad">
         <name>.text:unlink</name>
         <load_address>0xdb14</load_address>
         <run_address>0xdb14</run_address>
         <size>0x2a</size>
         <input_file_ref idref="fl-62"/>
      </object_component>
      <object_component id="oc-54d">
         <name>.text:free_list_insert</name>
         <load_address>0xdb3e</load_address>
         <run_address>0xdb3e</run_address>
         <size>0x28</size>
         <input_file_ref idref="fl-46"/>
      </object_component>
      <object_component id="oc-506">
         <name>.text:lseek</name>
         <load_address>0xdb66</load_address>
         <run_address>0xdb66</run_address>
         <size>0x26</size>
         <input_file_ref idref="fl-58"/>
      </object_component>
      <object_component id="oc-4b6">
         <name>.text:write</name>
         <load_address>0xdb8c</load_address>
         <run_address>0xdb8c</run_address>
         <size>0x24</size>
         <input_file_ref idref="fl-49"/>
      </object_component>
      <object_component id="oc-2b0">
         <name>.text:_isr:_c_int00_noargs</name>
         <load_address>0xdbb0</load_address>
         <run_address>0xdbb0</run_address>
         <size>0x1c</size>
         <input_file_ref idref="fl-34"/>
      </object_component>
      <object_component id="oc-547">
         <name>.text:free_list_remove</name>
         <load_address>0xdbcc</load_address>
         <run_address>0xdbcc</run_address>
         <size>0x1c</size>
         <input_file_ref idref="fl-46"/>
      </object_component>
      <object_component id="oc-4cf">
         <name>.text:memccpy</name>
         <load_address>0xdbe8</load_address>
         <run_address>0xdbe8</run_address>
         <size>0x1a</size>
         <input_file_ref idref="fl-43"/>
      </object_component>
      <object_component id="oc-608">
         <name>.text:strchr</name>
         <load_address>0xdc02</load_address>
         <run_address>0xdc02</run_address>
         <size>0x1a</size>
         <input_file_ref idref="fl-5c"/>
      </object_component>
      <object_component id="oc-62d">
         <name>.text:strcmp</name>
         <load_address>0xdc1c</load_address>
         <run_address>0xdc1c</run_address>
         <size>0x18</size>
         <input_file_ref idref="fl-5d"/>
      </object_component>
      <object_component id="oc-3fd">
         <name>.text</name>
         <load_address>0xdc34</load_address>
         <run_address>0xdc34</run_address>
         <size>0x16</size>
         <input_file_ref idref="fl-23"/>
      </object_component>
      <object_component id="oc-4aa">
         <name>.text:memchr</name>
         <load_address>0xdc4a</load_address>
         <run_address>0xdc4a</run_address>
         <size>0x14</size>
         <input_file_ref idref="fl-44"/>
      </object_component>
      <object_component id="oc-4c2">
         <name>.text:memset</name>
         <load_address>0xdc5e</load_address>
         <run_address>0xdc5e</run_address>
         <size>0x14</size>
         <input_file_ref idref="fl-47"/>
      </object_component>
      <object_component id="oc-3a7">
         <name>.text</name>
         <load_address>0xdc72</load_address>
         <run_address>0xdc72</run_address>
         <size>0x14</size>
         <input_file_ref idref="fl-33"/>
      </object_component>
      <object_component id="oc-44b">
         <name>.text:memcpy</name>
         <load_address>0xdc86</load_address>
         <run_address>0xdc86</run_address>
         <size>0x12</size>
         <input_file_ref idref="fl-45"/>
      </object_component>
      <object_component id="oc-5d6">
         <name>.text:strcpy</name>
         <load_address>0xdc98</load_address>
         <run_address>0xdc98</run_address>
         <size>0x10</size>
         <input_file_ref idref="fl-5e"/>
      </object_component>
      <object_component id="oc-470">
         <name>.text:strlen</name>
         <load_address>0xdca8</load_address>
         <run_address>0xdca8</run_address>
         <size>0xe</size>
         <input_file_ref idref="fl-48"/>
      </object_component>
      <object_component id="oc-299">
         <name>.text:_isr:__TI_ISR_TRAP</name>
         <load_address>0xdcb6</load_address>
         <run_address>0xdcb6</run_address>
         <size>0x8</size>
         <input_file_ref idref="fl-32"/>
      </object_component>
      <object_component id="oc-514">
         <name>.text:malloc</name>
         <load_address>0xdcbe</load_address>
         <run_address>0xdcbe</run_address>
         <size>0x8</size>
         <input_file_ref idref="fl-46"/>
      </object_component>
      <object_component id="oc-417">
         <name>.text:_outc</name>
         <load_address>0xdcc6</load_address>
         <run_address>0xdcc6</run_address>
         <size>0x6</size>
         <input_file_ref idref="fl-1c"/>
      </object_component>
      <object_component id="oc-353">
         <name>.text:abort</name>
         <load_address>0xdccc</load_address>
         <run_address>0xdccc</run_address>
         <size>0x6</size>
         <input_file_ref idref="fl-3f"/>
      </object_component>
      <object_component id="oc-411">
         <name>.text:_outs</name>
         <load_address>0xdcd2</load_address>
         <run_address>0xdcd2</run_address>
         <size>0x4</size>
         <input_file_ref idref="fl-1c"/>
      </object_component>
      <object_component id="oc-2ef">
         <name>.text:_system_pre_init</name>
         <load_address>0xdcd6</load_address>
         <run_address>0xdcd6</run_address>
         <size>0x4</size>
         <input_file_ref idref="fl-3b"/>
      </object_component>
      <object_component id="oc-42c">
         <name>.text:_nop</name>
         <load_address>0xdcda</load_address>
         <run_address>0xdcda</run_address>
         <size>0x2</size>
         <input_file_ref idref="fl-40"/>
      </object_component>
      <object_component id="oc-3d8">
         <name>.text:_system_post_cinit</name>
         <load_address>0xdcdc</load_address>
         <run_address>0xdcdc</run_address>
         <size>0x2</size>
         <input_file_ref idref="fl-3c"/>
      </object_component>
      <object_component id="oc-597">
         <name>.bss</name>
         <uninitialized>true</uninitialized>
         <run_address>0x22fa</run_address>
         <size>0x2</size>
         <input_file_ref idref="fl-46"/>
      </object_component>
      <object_component id="oc-5ac">
         <name>.common:__TI_tmpnams</name>
         <uninitialized>true</uninitialized>
         <run_address>0x2252</run_address>
         <size>0xa0</size>
      </object_component>
      <object_component id="oc-5b7">
         <name>.common:parmbuf</name>
         <uninitialized>true</uninitialized>
         <run_address>0x22f2</run_address>
         <size>0x8</size>
      </object_component>
      <object_component id="oc-3bc">
         <name>.data</name>
         <load_address>0x2128</load_address>
         <run_address>0x2128</run_address>
         <size>0x4</size>
         <input_file_ref idref="fl-1"/>
      </object_component>
      <object_component id="oc-3d0">
         <name>.data:__TI_cleanup_ptr</name>
         <load_address>0x2118</load_address>
         <run_address>0x2118</run_address>
         <size>0x4</size>
         <input_file_ref idref="fl-37"/>
      </object_component>
      <object_component id="oc-3cd">
         <name>.data:__TI_dtors_ptr</name>
         <load_address>0x211c</load_address>
         <run_address>0x211c</run_address>
         <size>0x4</size>
         <input_file_ref idref="fl-37"/>
      </object_component>
      <object_component id="oc-3c7">
         <name>.data</name>
         <load_address>0x212e</load_address>
         <run_address>0x212e</run_address>
         <size>0x2</size>
         <input_file_ref idref="fl-3f"/>
      </object_component>
      <object_component id="oc-3ca">
         <name>.data:_lock</name>
         <load_address>0x2120</load_address>
         <run_address>0x2120</run_address>
         <size>0x4</size>
         <input_file_ref idref="fl-40"/>
      </object_component>
      <object_component id="oc-3d3">
         <name>.data:_unlock</name>
         <load_address>0x2124</load_address>
         <run_address>0x2124</run_address>
         <size>0x4</size>
         <input_file_ref idref="fl-40"/>
      </object_component>
      <object_component id="oc-40e">
         <name>.data:_ftable</name>
         <load_address>0x2078</load_address>
         <run_address>0x2078</run_address>
         <size>0x78</size>
         <input_file_ref idref="fl-42"/>
      </object_component>
      <object_component id="oc-561">
         <name>.data</name>
         <load_address>0x212c</load_address>
         <run_address>0x212c</run_address>
         <size>0x2</size>
         <input_file_ref idref="fl-42"/>
      </object_component>
      <object_component id="oc-59c">
         <name>.data</name>
         <load_address>0x2130</load_address>
         <run_address>0x2130</run_address>
         <size>0x2</size>
         <input_file_ref idref="fl-46"/>
      </object_component>
      <object_component id="oc-52d">
         <name>.data:_device</name>
         <load_address>0x2000</load_address>
         <run_address>0x2000</run_address>
         <size>0x78</size>
         <input_file_ref idref="fl-4a"/>
      </object_component>
      <object_component id="oc-4f1">
         <name>.data:_stream</name>
         <load_address>0x20f0</load_address>
         <run_address>0x20f0</run_address>
         <size>0x28</size>
         <input_file_ref idref="fl-4a"/>
      </object_component>
      <object_component id="oc-5f1">
         <name>.cio</name>
         <uninitialized>true</uninitialized>
         <run_address>0x2132</run_address>
         <size>0x120</size>
         <input_file_ref idref="fl-56"/>
      </object_component>
      <object_component id="oc-27f">
         <name>.sysmem</name>
         <uninitialized>true</uninitialized>
         <run_address>0x22fc</run_address>
         <size>0x8</size>
         <input_file_ref idref="fl-46"/>
      </object_component>
      <object_component id="oc-6ab">
         <name>.sysmem</name>
         <uninitialized>true</uninitialized>
         <run_address>0x22fc</run_address>
         <size>0x0</size>
      </object_component>
      <object_component id="oc-27b">
         <name>.stack</name>
         <uninitialized>true</uninitialized>
         <run_address>0x2760</run_address>
         <size>0x2</size>
         <input_file_ref idref="fl-34"/>
      </object_component>
      <object_component id="oc-6aa">
         <name>.stack</name>
         <uninitialized>true</uninitialized>
         <run_address>0x2760</run_address>
         <size>0x0</size>
      </object_component>
      <object_component id="oc-70">
         <name>.int45</name>
         <load_address>0xffe2</load_address>
         <run_address>0xffe2</run_address>
         <size>0x2</size>
         <input_file_ref idref="fl-24"/>
      </object_component>
      <object_component id="oc-71">
         <name>.int46</name>
         <load_address>0xffe4</load_address>
         <run_address>0xffe4</run_address>
         <size>0x2</size>
         <input_file_ref idref="fl-25"/>
      </object_component>
      <object_component id="oc-72">
         <name>.int47</name>
         <load_address>0xffe6</load_address>
         <run_address>0xffe6</run_address>
         <size>0x2</size>
         <input_file_ref idref="fl-26"/>
      </object_component>
      <object_component id="oc-73">
         <name>.int48</name>
         <load_address>0xffe8</load_address>
         <run_address>0xffe8</run_address>
         <size>0x2</size>
         <input_file_ref idref="fl-27"/>
      </object_component>
      <object_component id="oc-74">
         <name>.int49</name>
         <load_address>0xffea</load_address>
         <run_address>0xffea</run_address>
         <size>0x2</size>
         <input_file_ref idref="fl-28"/>
      </object_component>
      <object_component id="oc-75">
         <name>.int50</name>
         <load_address>0xffec</load_address>
         <run_address>0xffec</run_address>
         <size>0x2</size>
         <input_file_ref idref="fl-29"/>
      </object_component>
      <object_component id="oc-76">
         <name>.int51</name>
         <load_address>0xffee</load_address>
         <run_address>0xffee</run_address>
         <size>0x2</size>
         <input_file_ref idref="fl-2a"/>
      </object_component>
      <object_component id="oc-77">
         <name>.int52</name>
         <load_address>0xfff0</load_address>
         <run_address>0xfff0</run_address>
         <size>0x2</size>
         <input_file_ref idref="fl-2b"/>
      </object_component>
      <object_component id="oc-78">
         <name>.int53</name>
         <load_address>0xfff2</load_address>
         <run_address>0xfff2</run_address>
         <size>0x2</size>
         <input_file_ref idref="fl-2c"/>
      </object_component>
      <object_component id="oc-79">
         <name>.int54</name>
         <load_address>0xfff4</load_address>
         <run_address>0xfff4</run_address>
         <size>0x2</size>
         <input_file_ref idref="fl-2d"/>
      </object_component>
      <object_component id="oc-7a">
         <name>.int55</name>
         <load_address>0xfff6</load_address>
         <run_address>0xfff6</run_address>
         <size>0x2</size>
         <input_file_ref idref="fl-2e"/>
      </object_component>
      <object_component id="oc-7b">
         <name>.int56</name>
         <load_address>0xfff8</load_address>
         <run_address>0xfff8</run_address>
         <size>0x2</size>
         <input_file_ref idref="fl-2f"/>
      </object_component>
      <object_component id="oc-7c">
         <name>.int57</name>
         <load_address>0xfffa</load_address>
         <run_address>0xfffa</run_address>
         <size>0x2</size>
         <input_file_ref idref="fl-30"/>
      </object_component>
      <object_component id="oc-7d">
         <name>.int58</name>
         <load_address>0xfffc</load_address>
         <run_address>0xfffc</run_address>
         <size>0x2</size>
         <input_file_ref idref="fl-31"/>
      </object_component>
      <object_component id="oc-27e">
         <name>.reset</name>
         <load_address>0xfffe</load_address>
         <run_address>0xfffe</run_address>
         <size>0x2</size>
         <input_file_ref idref="fl-34"/>
      </object_component>
      <object_component id="oc-3a0">
         <name>.debug_info</name>
         <load_address>0x0</load_address>
         <run_address>0x0</run_address>
         <size>0x614</size>
         <input_file_ref idref="fl-1"/>
      </object_component>
      <object_component id="oc-3bd">
         <name>.debug_info</name>
         <load_address>0x614</load_address>
         <run_address>0x614</run_address>
         <size>0x124</size>
         <input_file_ref idref="fl-1"/>
      </object_component>
      <object_component id="oc-3b8">
         <name>.debug_info</name>
         <load_address>0x738</load_address>
         <run_address>0x738</run_address>
         <size>0xf3</size>
         <input_file_ref idref="fl-1"/>
      </object_component>
      <object_component id="oc-395">
         <name>.debug_info</name>
         <load_address>0x82b</load_address>
         <run_address>0x82b</run_address>
         <size>0xe9</size>
         <input_file_ref idref="fl-1"/>
      </object_component>
      <object_component id="oc-398">
         <name>.debug_info</name>
         <load_address>0x914</load_address>
         <run_address>0x914</run_address>
         <size>0xf5</size>
         <input_file_ref idref="fl-1"/>
      </object_component>
      <object_component id="oc-3ad">
         <name>.debug_info</name>
         <load_address>0xa09</load_address>
         <run_address>0xa09</run_address>
         <size>0xf7</size>
         <input_file_ref idref="fl-1"/>
      </object_component>
      <object_component id="oc-33c">
         <name>.debug_info</name>
         <load_address>0xb00</load_address>
         <run_address>0xb00</run_address>
         <size>0x1d9</size>
         <input_file_ref idref="fl-1"/>
      </object_component>
      <object_component id="oc-330">
         <name>.debug_info</name>
         <load_address>0xcd9</load_address>
         <run_address>0xcd9</run_address>
         <size>0x1bf</size>
         <input_file_ref idref="fl-1"/>
      </object_component>
      <object_component id="oc-324">
         <name>.debug_info</name>
         <load_address>0xe98</load_address>
         <run_address>0xe98</run_address>
         <size>0x125</size>
         <input_file_ref idref="fl-1"/>
      </object_component>
      <object_component id="oc-3a2">
         <name>.debug_info</name>
         <load_address>0xfbd</load_address>
         <run_address>0xfbd</run_address>
         <size>0x150</size>
         <input_file_ref idref="fl-1"/>
      </object_component>
      <object_component id="oc-3c0">
         <name>.debug_info</name>
         <load_address>0x110d</load_address>
         <run_address>0x110d</run_address>
         <size>0x17c</size>
         <input_file_ref idref="fl-1"/>
      </object_component>
      <object_component id="oc-32a">
         <name>.debug_info</name>
         <load_address>0x1289</load_address>
         <run_address>0x1289</run_address>
         <size>0x186</size>
         <input_file_ref idref="fl-1"/>
      </object_component>
      <object_component id="oc-336">
         <name>.debug_info</name>
         <load_address>0x140f</load_address>
         <run_address>0x140f</run_address>
         <size>0x18a</size>
         <input_file_ref idref="fl-1"/>
      </object_component>
      <object_component id="oc-342">
         <name>.debug_info</name>
         <load_address>0x1599</load_address>
         <run_address>0x1599</run_address>
         <size>0x218</size>
         <input_file_ref idref="fl-1"/>
      </object_component>
      <object_component id="oc-348">
         <name>.debug_info</name>
         <load_address>0x17b1</load_address>
         <run_address>0x17b1</run_address>
         <size>0x1b8</size>
         <input_file_ref idref="fl-1"/>
      </object_component>
      <object_component id="oc-2f6">
         <name>.debug_info</name>
         <load_address>0x1969</load_address>
         <run_address>0x1969</run_address>
         <size>0x283</size>
         <input_file_ref idref="fl-1"/>
      </object_component>
      <object_component id="oc-405">
         <name>.debug_info</name>
         <load_address>0x1bec</load_address>
         <run_address>0x1bec</run_address>
         <size>0x26b</size>
         <input_file_ref idref="fl-1"/>
      </object_component>
      <object_component id="oc-34e">
         <name>.debug_info</name>
         <load_address>0x1e57</load_address>
         <run_address>0x1e57</run_address>
         <size>0x8b</size>
         <input_file_ref idref="fl-1"/>
      </object_component>
      <object_component id="oc-459">
         <name>.debug_info</name>
         <load_address>0x1ee2</load_address>
         <run_address>0x1ee2</run_address>
         <size>0x275</size>
         <input_file_ref idref="fl-1"/>
      </object_component>
      <object_component id="oc-47e">
         <name>.debug_info</name>
         <load_address>0x2157</load_address>
         <run_address>0x2157</run_address>
         <size>0x2c</size>
         <input_file_ref idref="fl-1"/>
      </object_component>
      <object_component id="oc-424">
         <name>.debug_info</name>
         <load_address>0x2183</load_address>
         <run_address>0x2183</run_address>
         <size>0x2be</size>
         <input_file_ref idref="fl-1c"/>
      </object_component>
      <object_component id="oc-418">
         <name>.debug_info</name>
         <load_address>0x2441</load_address>
         <run_address>0x2441</run_address>
         <size>0x163</size>
         <input_file_ref idref="fl-1c"/>
      </object_component>
      <object_component id="oc-412">
         <name>.debug_info</name>
         <load_address>0x25a4</load_address>
         <run_address>0x25a4</run_address>
         <size>0x167</size>
         <input_file_ref idref="fl-1c"/>
      </object_component>
      <object_component id="oc-3b2">
         <name>.debug_info</name>
         <load_address>0x270b</load_address>
         <run_address>0x270b</run_address>
         <size>0x185</size>
         <input_file_ref idref="fl-1c"/>
      </object_component>
      <object_component id="oc-288">
         <name>.debug_info</name>
         <load_address>0x2890</load_address>
         <run_address>0x2890</run_address>
         <size>0x84</size>
         <input_file_ref idref="fl-1c"/>
      </object_component>
      <object_component id="oc-48a">
         <name>.debug_info</name>
         <load_address>0x2914</load_address>
         <run_address>0x2914</run_address>
         <size>0xb2</size>
         <input_file_ref idref="fl-1c"/>
      </object_component>
      <object_component id="oc-47d">
         <name>.debug_info</name>
         <load_address>0x29c6</load_address>
         <run_address>0x29c6</run_address>
         <size>0x2d3</size>
         <input_file_ref idref="fl-1d"/>
      </object_component>
      <object_component id="oc-4ca">
         <name>.debug_info</name>
         <load_address>0x2c99</load_address>
         <run_address>0x2c99</run_address>
         <size>0x29c</size>
         <input_file_ref idref="fl-1d"/>
      </object_component>
      <object_component id="oc-477">
         <name>.debug_info</name>
         <load_address>0x2f35</load_address>
         <run_address>0x2f35</run_address>
         <size>0x290</size>
         <input_file_ref idref="fl-1d"/>
      </object_component>
      <object_component id="oc-41e">
         <name>.debug_info</name>
         <load_address>0x31c5</load_address>
         <run_address>0x31c5</run_address>
         <size>0x318</size>
         <input_file_ref idref="fl-1d"/>
      </object_component>
      <object_component id="oc-483">
         <name>.debug_info</name>
         <load_address>0x34dd</load_address>
         <run_address>0x34dd</run_address>
         <size>0x86</size>
         <input_file_ref idref="fl-1d"/>
      </object_component>
      <object_component id="oc-4ff">
         <name>.debug_info</name>
         <load_address>0x3563</load_address>
         <run_address>0x3563</run_address>
         <size>0x39</size>
         <input_file_ref idref="fl-1d"/>
      </object_component>
      <object_component id="oc-4d8">
         <name>.debug_info</name>
         <load_address>0x359c</load_address>
         <run_address>0x359c</run_address>
         <size>0x2c</size>
         <input_file_ref idref="fl-1d"/>
      </object_component>
      <object_component id="oc-4bf">
         <name>.debug_info</name>
         <load_address>0x35c8</load_address>
         <run_address>0x35c8</run_address>
         <size>0x25c</size>
         <input_file_ref idref="fl-1e"/>
      </object_component>
      <object_component id="oc-46a">
         <name>.debug_info</name>
         <load_address>0x3824</load_address>
         <run_address>0x3824</run_address>
         <size>0x1d1</size>
         <input_file_ref idref="fl-1e"/>
      </object_component>
      <object_component id="oc-4bd">
         <name>.debug_info</name>
         <load_address>0x39f5</load_address>
         <run_address>0x39f5</run_address>
         <size>0x2d5</size>
         <input_file_ref idref="fl-1f"/>
      </object_component>
      <object_component id="oc-463">
         <name>.debug_info</name>
         <load_address>0x3cca</load_address>
         <run_address>0x3cca</run_address>
         <size>0x2c8</size>
         <input_file_ref idref="fl-1f"/>
      </object_component>
      <object_component id="oc-496">
         <name>.debug_info</name>
         <load_address>0x3f92</load_address>
         <run_address>0x3f92</run_address>
         <size>0x2c</size>
         <input_file_ref idref="fl-1f"/>
      </object_component>
      <object_component id="oc-4ec">
         <name>.debug_info</name>
         <load_address>0x3fbe</load_address>
         <run_address>0x3fbe</run_address>
         <size>0x1d9</size>
         <input_file_ref idref="fl-20"/>
      </object_component>
      <object_component id="oc-4a5">
         <name>.debug_info</name>
         <load_address>0x4197</load_address>
         <run_address>0x4197</run_address>
         <size>0x197</size>
         <input_file_ref idref="fl-20"/>
      </object_component>
      <object_component id="oc-522">
         <name>.debug_info</name>
         <load_address>0x432e</load_address>
         <run_address>0x432e</run_address>
         <size>0xbf</size>
         <input_file_ref idref="fl-20"/>
      </object_component>
      <object_component id="oc-521">
         <name>.debug_info</name>
         <load_address>0x43ed</load_address>
         <run_address>0x43ed</run_address>
         <size>0x24d</size>
         <input_file_ref idref="fl-21"/>
      </object_component>
      <object_component id="oc-4e6">
         <name>.debug_info</name>
         <load_address>0x463a</load_address>
         <run_address>0x463a</run_address>
         <size>0x1ff</size>
         <input_file_ref idref="fl-21"/>
      </object_component>
      <object_component id="oc-39b">
         <name>.debug_info</name>
         <load_address>0x4839</load_address>
         <run_address>0x4839</run_address>
         <size>0x136</size>
         <input_file_ref idref="fl-22"/>
      </object_component>
      <object_component id="oc-3fe">
         <name>.debug_info</name>
         <load_address>0x496f</load_address>
         <run_address>0x496f</run_address>
         <size>0x122</size>
         <input_file_ref idref="fl-23"/>
      </object_component>
      <object_component id="oc-29a">
         <name>.debug_info</name>
         <load_address>0x4a91</load_address>
         <run_address>0x4a91</run_address>
         <size>0x110</size>
         <input_file_ref idref="fl-32"/>
      </object_component>
      <object_component id="oc-3a8">
         <name>.debug_info</name>
         <load_address>0x4ba1</load_address>
         <run_address>0x4ba1</run_address>
         <size>0x122</size>
         <input_file_ref idref="fl-33"/>
      </object_component>
      <object_component id="oc-27c">
         <name>.debug_info</name>
         <load_address>0x4cc3</load_address>
         <run_address>0x4cc3</run_address>
         <size>0x101</size>
         <input_file_ref idref="fl-34"/>
      </object_component>
      <object_component id="oc-2b1">
         <name>.debug_info</name>
         <load_address>0x4dc4</load_address>
         <run_address>0x4dc4</run_address>
         <size>0x17b</size>
         <input_file_ref idref="fl-34"/>
      </object_component>
      <object_component id="oc-3df">
         <name>.debug_info</name>
         <load_address>0x4f3f</load_address>
         <run_address>0x4f3f</run_address>
         <size>0x40a</size>
         <input_file_ref idref="fl-35"/>
      </object_component>
      <object_component id="oc-378">
         <name>.debug_info</name>
         <load_address>0x5349</load_address>
         <run_address>0x5349</run_address>
         <size>0x217</size>
         <input_file_ref idref="fl-35"/>
      </object_component>
      <object_component id="oc-441">
         <name>.debug_info</name>
         <load_address>0x5560</load_address>
         <run_address>0x5560</run_address>
         <size>0x39</size>
         <input_file_ref idref="fl-35"/>
      </object_component>
      <object_component id="oc-453">
         <name>.debug_info</name>
         <load_address>0x5599</load_address>
         <run_address>0x5599</run_address>
         <size>0x2c</size>
         <input_file_ref idref="fl-35"/>
      </object_component>
      <object_component id="oc-3ea">
         <name>.debug_info</name>
         <load_address>0x55c5</load_address>
         <run_address>0x55c5</run_address>
         <size>0x2c</size>
         <input_file_ref idref="fl-35"/>
      </object_component>
      <object_component id="oc-446">
         <name>.debug_info</name>
         <load_address>0x55f1</load_address>
         <run_address>0x55f1</run_address>
         <size>0xcd</size>
         <input_file_ref idref="fl-35"/>
      </object_component>
      <object_component id="oc-29f">
         <name>.debug_info</name>
         <load_address>0x56be</load_address>
         <run_address>0x56be</run_address>
         <size>0x1d4</size>
         <input_file_ref idref="fl-36"/>
      </object_component>
      <object_component id="oc-2e9">
         <name>.debug_info</name>
         <load_address>0x5892</load_address>
         <run_address>0x5892</run_address>
         <size>0x46</size>
         <input_file_ref idref="fl-36"/>
      </object_component>
      <object_component id="oc-437">
         <name>.debug_info</name>
         <load_address>0x58d8</load_address>
         <run_address>0x58d8</run_address>
         <size>0x104</size>
         <input_file_ref idref="fl-37"/>
      </object_component>
      <object_component id="oc-3d1">
         <name>.debug_info</name>
         <load_address>0x59dc</load_address>
         <run_address>0x59dc</run_address>
         <size>0x11b</size>
         <input_file_ref idref="fl-37"/>
      </object_component>
      <object_component id="oc-3ce">
         <name>.debug_info</name>
         <load_address>0x5af7</load_address>
         <run_address>0x5af7</run_address>
         <size>0x117</size>
         <input_file_ref idref="fl-37"/>
      </object_component>
      <object_component id="oc-2f0">
         <name>.debug_info</name>
         <load_address>0x5c0e</load_address>
         <run_address>0x5c0e</run_address>
         <size>0x154</size>
         <input_file_ref idref="fl-3b"/>
      </object_component>
      <object_component id="oc-3d9">
         <name>.debug_info</name>
         <load_address>0x5d62</load_address>
         <run_address>0x5d62</run_address>
         <size>0x151</size>
         <input_file_ref idref="fl-3c"/>
      </object_component>
      <object_component id="oc-298">
         <name>.debug_info</name>
         <load_address>0x5eb3</load_address>
         <run_address>0x5eb3</run_address>
         <size>0x1db</size>
         <input_file_ref idref="fl-3d"/>
      </object_component>
      <object_component id="oc-6b">
         <name>.debug_info</name>
         <load_address>0x608e</load_address>
         <run_address>0x608e</run_address>
         <size>0x1f3</size>
         <input_file_ref idref="fl-3d"/>
      </object_component>
      <object_component id="oc-293">
         <name>.debug_info</name>
         <load_address>0x6281</load_address>
         <run_address>0x6281</run_address>
         <size>0x46</size>
         <input_file_ref idref="fl-3d"/>
      </object_component>
      <object_component id="oc-65">
         <name>.debug_info</name>
         <load_address>0x62c7</load_address>
         <run_address>0x62c7</run_address>
         <size>0x2b9</size>
         <input_file_ref idref="fl-3e"/>
      </object_component>
      <object_component id="oc-31d">
         <name>.debug_info</name>
         <load_address>0x6580</load_address>
         <run_address>0x6580</run_address>
         <size>0x46</size>
         <input_file_ref idref="fl-3e"/>
      </object_component>
      <object_component id="oc-2df">
         <name>.debug_info</name>
         <load_address>0x65c6</load_address>
         <run_address>0x65c6</run_address>
         <size>0x39</size>
         <input_file_ref idref="fl-3e"/>
      </object_component>
      <object_component id="oc-283">
         <name>.debug_info</name>
         <load_address>0x65ff</load_address>
         <run_address>0x65ff</run_address>
         <size>0x60</size>
         <input_file_ref idref="fl-3e"/>
      </object_component>
      <object_component id="oc-3d7">
         <name>.debug_info</name>
         <load_address>0x665f</load_address>
         <run_address>0x665f</run_address>
         <size>0x22f</size>
         <input_file_ref idref="fl-3f"/>
      </object_component>
      <object_component id="oc-3c8">
         <name>.debug_info</name>
         <load_address>0x688e</load_address>
         <run_address>0x688e</run_address>
         <size>0x133</size>
         <input_file_ref idref="fl-3f"/>
      </object_component>
      <object_component id="oc-354">
         <name>.debug_info</name>
         <load_address>0x69c1</load_address>
         <run_address>0x69c1</run_address>
         <size>0x123</size>
         <input_file_ref idref="fl-3f"/>
      </object_component>
      <object_component id="oc-35a">
         <name>.debug_info</name>
         <load_address>0x6ae4</load_address>
         <run_address>0x6ae4</run_address>
         <size>0x198</size>
         <input_file_ref idref="fl-3f"/>
      </object_component>
      <object_component id="oc-434">
         <name>.debug_info</name>
         <load_address>0x6c7c</load_address>
         <run_address>0x6c7c</run_address>
         <size>0x164</size>
         <input_file_ref idref="fl-40"/>
      </object_component>
      <object_component id="oc-3cb">
         <name>.debug_info</name>
         <load_address>0x6de0</load_address>
         <run_address>0x6de0</run_address>
         <size>0x100</size>
         <input_file_ref idref="fl-40"/>
      </object_component>
      <object_component id="oc-3d4">
         <name>.debug_info</name>
         <load_address>0x6ee0</load_address>
         <run_address>0x6ee0</run_address>
         <size>0x104</size>
         <input_file_ref idref="fl-40"/>
      </object_component>
      <object_component id="oc-42d">
         <name>.debug_info</name>
         <load_address>0x6fe4</load_address>
         <run_address>0x6fe4</run_address>
         <size>0x12f</size>
         <input_file_ref idref="fl-40"/>
      </object_component>
      <object_component id="oc-460">
         <name>.debug_info</name>
         <load_address>0x7113</load_address>
         <run_address>0x7113</run_address>
         <size>0x13f</size>
         <input_file_ref idref="fl-42"/>
      </object_component>
      <object_component id="oc-40f">
         <name>.debug_info</name>
         <load_address>0x7252</load_address>
         <run_address>0x7252</run_address>
         <size>0x103</size>
         <input_file_ref idref="fl-42"/>
      </object_component>
      <object_component id="oc-562">
         <name>.debug_info</name>
         <load_address>0x7355</load_address>
         <run_address>0x7355</run_address>
         <size>0x10b</size>
         <input_file_ref idref="fl-42"/>
      </object_component>
      <object_component id="oc-505">
         <name>.debug_info</name>
         <load_address>0x7460</load_address>
         <run_address>0x7460</run_address>
         <size>0x16f</size>
         <input_file_ref idref="fl-43"/>
      </object_component>
      <object_component id="oc-4d0">
         <name>.debug_info</name>
         <load_address>0x75cf</load_address>
         <run_address>0x75cf</run_address>
         <size>0x1b7</size>
         <input_file_ref idref="fl-43"/>
      </object_component>
      <object_component id="oc-4ee">
         <name>.debug_info</name>
         <load_address>0x7786</load_address>
         <run_address>0x7786</run_address>
         <size>0x179</size>
         <input_file_ref idref="fl-44"/>
      </object_component>
      <object_component id="oc-4ab">
         <name>.debug_info</name>
         <load_address>0x78ff</load_address>
         <run_address>0x78ff</run_address>
         <size>0x251</size>
         <input_file_ref idref="fl-44"/>
      </object_component>
      <object_component id="oc-495">
         <name>.debug_info</name>
         <load_address>0x7b50</load_address>
         <run_address>0x7b50</run_address>
         <size>0x182</size>
         <input_file_ref idref="fl-45"/>
      </object_component>
      <object_component id="oc-44c">
         <name>.debug_info</name>
         <load_address>0x7cd2</load_address>
         <run_address>0x7cd2</run_address>
         <size>0x17b</size>
         <input_file_ref idref="fl-45"/>
      </object_component>
      <object_component id="oc-2de">
         <name>.debug_info</name>
         <load_address>0x7e4d</load_address>
         <run_address>0x7e4d</run_address>
         <size>0x22b</size>
         <input_file_ref idref="fl-46"/>
      </object_component>
      <object_component id="oc-280">
         <name>.debug_info</name>
         <load_address>0x8078</load_address>
         <run_address>0x8078</run_address>
         <size>0x10d</size>
         <input_file_ref idref="fl-46"/>
      </object_component>
      <object_component id="oc-59d">
         <name>.debug_info</name>
         <load_address>0x8185</load_address>
         <run_address>0x8185</run_address>
         <size>0x120</size>
         <input_file_ref idref="fl-46"/>
      </object_component>
      <object_component id="oc-598">
         <name>.debug_info</name>
         <load_address>0x82a5</load_address>
         <run_address>0x82a5</run_address>
         <size>0x106</size>
         <input_file_ref idref="fl-46"/>
      </object_component>
      <object_component id="oc-515">
         <name>.debug_info</name>
         <load_address>0x83ab</load_address>
         <run_address>0x83ab</run_address>
         <size>0x169</size>
         <input_file_ref idref="fl-46"/>
      </object_component>
      <object_component id="oc-548">
         <name>.debug_info</name>
         <load_address>0x8514</load_address>
         <run_address>0x8514</run_address>
         <size>0x18f</size>
         <input_file_ref idref="fl-46"/>
      </object_component>
      <object_component id="oc-54e">
         <name>.debug_info</name>
         <load_address>0x86a3</load_address>
         <run_address>0x86a3</run_address>
         <size>0x1a0</size>
         <input_file_ref idref="fl-46"/>
      </object_component>
      <object_component id="oc-50f">
         <name>.debug_info</name>
         <load_address>0x8843</load_address>
         <run_address>0x8843</run_address>
         <size>0x204</size>
         <input_file_ref idref="fl-46"/>
      </object_component>
      <object_component id="oc-5a0">
         <name>.debug_info</name>
         <load_address>0x8a47</load_address>
         <run_address>0x8a47</run_address>
         <size>0x1dc</size>
         <input_file_ref idref="fl-46"/>
      </object_component>
      <object_component id="oc-555">
         <name>.debug_info</name>
         <load_address>0x8c23</load_address>
         <run_address>0x8c23</run_address>
         <size>0x274</size>
         <input_file_ref idref="fl-46"/>
      </object_component>
      <object_component id="oc-318">
         <name>.debug_info</name>
         <load_address>0x8e97</load_address>
         <run_address>0x8e97</run_address>
         <size>0xb2</size>
         <input_file_ref idref="fl-46"/>
      </object_component>
      <object_component id="oc-313">
         <name>.debug_info</name>
         <load_address>0x8f49</load_address>
         <run_address>0x8f49</run_address>
         <size>0x2c</size>
         <input_file_ref idref="fl-46"/>
      </object_component>
      <object_component id="oc-4fd">
         <name>.debug_info</name>
         <load_address>0x8f75</load_address>
         <run_address>0x8f75</run_address>
         <size>0x16e</size>
         <input_file_ref idref="fl-47"/>
      </object_component>
      <object_component id="oc-4c3">
         <name>.debug_info</name>
         <load_address>0x90e3</load_address>
         <run_address>0x90e3</run_address>
         <size>0x276</size>
         <input_file_ref idref="fl-47"/>
      </object_component>
      <object_component id="oc-4c1">
         <name>.debug_info</name>
         <load_address>0x9359</load_address>
         <run_address>0x9359</run_address>
         <size>0x163</size>
         <input_file_ref idref="fl-48"/>
      </object_component>
      <object_component id="oc-471">
         <name>.debug_info</name>
         <load_address>0x94bc</load_address>
         <run_address>0x94bc</run_address>
         <size>0x231</size>
         <input_file_ref idref="fl-48"/>
      </object_component>
      <object_component id="oc-4f5">
         <name>.debug_info</name>
         <load_address>0x96ed</load_address>
         <run_address>0x96ed</run_address>
         <size>0x270</size>
         <input_file_ref idref="fl-49"/>
      </object_component>
      <object_component id="oc-4b7">
         <name>.debug_info</name>
         <load_address>0x995d</load_address>
         <run_address>0x995d</run_address>
         <size>0x18a</size>
         <input_file_ref idref="fl-49"/>
      </object_component>
      <object_component id="oc-535">
         <name>.debug_info</name>
         <load_address>0x9ae7</load_address>
         <run_address>0x9ae7</run_address>
         <size>0x120</size>
         <input_file_ref idref="fl-49"/>
      </object_component>
      <object_component id="oc-53a">
         <name>.debug_info</name>
         <load_address>0x9c07</load_address>
         <run_address>0x9c07</run_address>
         <size>0x2c</size>
         <input_file_ref idref="fl-49"/>
      </object_component>
      <object_component id="oc-532">
         <name>.debug_info</name>
         <load_address>0x9c33</load_address>
         <run_address>0x9c33</run_address>
         <size>0x338</size>
         <input_file_ref idref="fl-4a"/>
      </object_component>
      <object_component id="oc-52e">
         <name>.debug_info</name>
         <load_address>0x9f6b</load_address>
         <run_address>0x9f6b</run_address>
         <size>0x10a</size>
         <input_file_ref idref="fl-4a"/>
      </object_component>
      <object_component id="oc-4f2">
         <name>.debug_info</name>
         <load_address>0xa075</load_address>
         <run_address>0xa075</run_address>
         <size>0x10a</size>
         <input_file_ref idref="fl-4a"/>
      </object_component>
      <object_component id="oc-4f0">
         <name>.debug_info</name>
         <load_address>0xa17f</load_address>
         <run_address>0xa17f</run_address>
         <size>0x220</size>
         <input_file_ref idref="fl-4b"/>
      </object_component>
      <object_component id="oc-4b1">
         <name>.debug_info</name>
         <load_address>0xa39f</load_address>
         <run_address>0xa39f</run_address>
         <size>0x185</size>
         <input_file_ref idref="fl-4b"/>
      </object_component>
      <object_component id="oc-51b">
         <name>.debug_info</name>
         <load_address>0xa524</load_address>
         <run_address>0xa524</run_address>
         <size>0x177</size>
         <input_file_ref idref="fl-4c"/>
      </object_component>
      <object_component id="oc-50d">
         <name>.debug_info</name>
         <load_address>0xa69b</load_address>
         <run_address>0xa69b</run_address>
         <size>0x1fd</size>
         <input_file_ref idref="fl-4d"/>
      </object_component>
      <object_component id="oc-4e0">
         <name>.debug_info</name>
         <load_address>0xa898</load_address>
         <run_address>0xa898</run_address>
         <size>0x1ea</size>
         <input_file_ref idref="fl-4d"/>
      </object_component>
      <object_component id="oc-28e">
         <name>.debug_info</name>
         <load_address>0xaa82</load_address>
         <run_address>0xaa82</run_address>
         <size>0x122</size>
         <input_file_ref idref="fl-4e"/>
      </object_component>
      <object_component id="oc-5c8">
         <name>.debug_info</name>
         <load_address>0xaba4</load_address>
         <run_address>0xaba4</run_address>
         <size>0x24c</size>
         <input_file_ref idref="fl-4f"/>
      </object_component>
      <object_component id="oc-56e">
         <name>.debug_info</name>
         <load_address>0xadf0</load_address>
         <run_address>0xadf0</run_address>
         <size>0x1bd</size>
         <input_file_ref idref="fl-4f"/>
      </object_component>
      <object_component id="oc-5d3">
         <name>.debug_info</name>
         <load_address>0xafad</load_address>
         <run_address>0xafad</run_address>
         <size>0x251</size>
         <input_file_ref idref="fl-50"/>
      </object_component>
      <object_component id="oc-580">
         <name>.debug_info</name>
         <load_address>0xb1fe</load_address>
         <run_address>0xb1fe</run_address>
         <size>0x236</size>
         <input_file_ref idref="fl-50"/>
      </object_component>
      <object_component id="oc-5b8">
         <name>.debug_info</name>
         <load_address>0xb434</load_address>
         <run_address>0xb434</run_address>
         <size>0x27c</size>
         <input_file_ref idref="fl-51"/>
      </object_component>
      <object_component id="oc-568">
         <name>.debug_info</name>
         <load_address>0xb6b0</load_address>
         <run_address>0xb6b0</run_address>
         <size>0x20d</size>
         <input_file_ref idref="fl-51"/>
      </object_component>
      <object_component id="oc-5ca">
         <name>.debug_info</name>
         <load_address>0xb8bd</load_address>
         <run_address>0xb8bd</run_address>
         <size>0x250</size>
         <input_file_ref idref="fl-52"/>
      </object_component>
      <object_component id="oc-574">
         <name>.debug_info</name>
         <load_address>0xbb0d</load_address>
         <run_address>0xbb0d</run_address>
         <size>0x1fc</size>
         <input_file_ref idref="fl-52"/>
      </object_component>
      <object_component id="oc-5dd">
         <name>.debug_info</name>
         <load_address>0xbd09</load_address>
         <run_address>0xbd09</run_address>
         <size>0x2ae</size>
         <input_file_ref idref="fl-53"/>
      </object_component>
      <object_component id="oc-58c">
         <name>.debug_info</name>
         <load_address>0xbfb7</load_address>
         <run_address>0xbfb7</run_address>
         <size>0x237</size>
         <input_file_ref idref="fl-53"/>
      </object_component>
      <object_component id="oc-5d5">
         <name>.debug_info</name>
         <load_address>0xc1ee</load_address>
         <run_address>0xc1ee</run_address>
[...]
         <name>__TI_CINIT_Base</name>
         <value>0xc54c</value>
      </symbol>
      <symbol id="sm-1fd">
         <name>__TI_CINIT_Limit</name>
         <value>0xc55c</value>
      </symbol>
      <symbol id="sm-1fe">
         <name>__TI_Handler_Table_Base</name>
         <value>0xc53a</value>
      </symbol>
      <symbol id="sm-1ff">
         <name>__TI_Handler_Table_Limit</name>
         <value>0xc546</value>
      </symbol>
      <symbol id="sm-200">
         <name>__STACK_SIZE</name>
         <value>0xa0</value>
      </symbol>
      <symbol id="sm-201">
         <name>__STACK_END</name>
         <value>0x2800</value>
      </symbol>
      <symbol id="sm-202">
         <name>__SYSMEM_SIZE</name>
         <value>0xa0</value>
      </symbol>
      <symbol id="sm-203">
         <name>__c_args__</name>
         <value>0xffffffff</value>
      </symbol>
      <symbol id="sm-204">
         <name>__TI_pprof_out_hndl</name>
         <value>0xffffffff</value>
      </symbol>
      <symbol id="sm-205">
         <name>__TI_prof_data_start</name>
         <value>0xffffffff</value>
      </symbol>
      <symbol id="sm-206">
         <name>__TI_prof_data_size</name>
         <value>0xffffffff</value>
      </symbol>
      <symbol id="sm-312">
         <name>set_column</name>
         <value>0xd9ca</value>
         <object_component_ref idref="oc-3a1"/>
      </symbol>
      <symbol id="sm-313">
         <name>keypad_value</name>
         <value>0xc5ba</value>
         <object_component_ref idref="oc-3ac"/>
      </symbol>
      <symbol id="sm-314">
         <name>set_input_mode</name>
         <value>0xd89a</value>
         <object_component_ref idref="oc-323"/>
      </symbol>
      <symbol id="sm-315">
         <name>setPin</name>
         <value>0xd654</value>
         <object_component_ref idref="oc-3bf"/>
      </symbol>
      <symbol id="sm-316">
         <name>step_number_y</name>
         <value>0x212a</value>
         <object_component_ref idref="oc-3bc"/>
      </symbol>
      <symbol id="sm-317">
         <name>step_number_x</name>
         <value>0x2128</value>
         <object_component_ref idref="oc-3bc"/>
      </symbol>
      <symbol id="sm-318">
         <name>digit_7seg</name>
         <value>0xc5fc</value>
         <object_component_ref idref="oc-3b7"/>
      </symbol>
      <symbol id="sm-319">
         <name>clear_lcd</name>
         <value>0xd992</value>
         <object_component_ref idref="oc-329"/>
      </symbol>
      <symbol id="sm-31a">
         <name>showChar</name>
         <value>0xcfa6</value>
         <object_component_ref idref="oc-32f"/>
      </symbol>
      <symbol id="sm-31b">
         <name>main</name>
         <value>0xc608</value>
         <object_component_ref idref="oc-2f5"/>
      </symbol>
      <symbol id="sm-31c">
         <name>OneStep</name>
         <value>0xd048</value>
         <object_component_ref idref="oc-347"/>
      </symbol>
      <symbol id="sm-31d">
         <name>display_on_lcd</name>
         <value>0xcefa</value>
         <object_component_ref idref="oc-341"/>
      </symbol>
      <symbol id="sm-31e">
         <name>check_negative</name>
         <value>0xd5fc</value>
         <object_component_ref idref="oc-335"/>
      </symbol>
      <symbol id="sm-31f">
         <name>take_input</name>
         <value>0xca00</value>
         <object_component_ref idref="oc-33b"/>
      </symbol>
      <symbol id="sm-320">
         <name>alphabetBig</name>
         <value>0xc55c</value>
         <object_component_ref idref="oc-397"/>
      </symbol>
      <symbol id="sm-321">
         <name>digit</name>
         <value>0xc5d2</value>
         <object_component_ref idref="oc-394"/>
      </symbol>
      <symbol id="sm-349">
         <name>printf</name>
         <value>0xd85a</value>
         <object_component_ref idref="oc-3b1"/>
      </symbol>
      <symbol id="sm-397">
         <name>__TI_printfi_minimal</name>
         <value>0xc91e</value>
         <object_component_ref idref="oc-41d"/>
      </symbol>
      <symbol id="sm-3aa">
         <name>putc</name>
         <value>0xd0e0</value>
         <object_component_ref idref="oc-469"/>
      </symbol>
      <symbol id="sm-3ab">
         <name>fputc</name>
         <value>0xd0e0</value>
         <object_component_ref idref="oc-469"/>
      </symbol>
      <symbol id="sm-3c8">
         <name>fputs</name>
         <value>0xcbc2</value>
         <object_component_ref idref="oc-462"/>
      </symbol>
      <symbol id="sm-3e0">
         <name>__TI_wrt_ok</name>
         <value>0xd1ee</value>
         <object_component_ref idref="oc-4a4"/>
      </symbol>
      <symbol id="sm-3f8">
         <name>setvbuf</name>
         <value>0xcca0</value>
         <object_component_ref idref="oc-4e5"/>
      </symbol>
      <symbol id="sm-404">
         <name>__mspabi_remi</name>
         <value>0xdabc</value>
         <object_component_ref idref="oc-39a"/>
      </symbol>
      <symbol id="sm-405">
         <name>__mspabi_divi</name>
         <value>0xdabc</value>
         <object_component_ref idref="oc-39a"/>
      </symbol>
      <symbol id="sm-40f">
         <name>__mspabi_remu</name>
         <value>0xdc34</value>
         <object_component_ref idref="oc-3fd"/>
      </symbol>
      <symbol id="sm-410">
         <name>__mspabi_divu</name>
         <value>0xdc34</value>
         <object_component_ref idref="oc-3fd"/>
      </symbol>
      <symbol id="sm-413">
         <name>__TI_int45</name>
         <value>0xffe2</value>
         <object_component_ref idref="oc-70"/>
      </symbol>
      <symbol id="sm-416">
         <name>__TI_int46</name>
         <value>0xffe4</value>
         <object_component_ref idref="oc-71"/>
      </symbol>
      <symbol id="sm-419">
         <name>__TI_int47</name>
         <value>0xffe6</value>
         <object_component_ref idref="oc-72"/>
      </symbol>
      <symbol id="sm-41c">
         <name>__TI_int48</name>
         <value>0xffe8</value>
         <object_component_ref idref="oc-73"/>
      </symbol>
      <symbol id="sm-41f">
         <name>__TI_int49</name>
         <value>0xffea</value>
         <object_component_ref idref="oc-74"/>
      </symbol>
      <symbol id="sm-422">
         <name>__TI_int50</name>
         <value>0xffec</value>
         <object_component_ref idref="oc-75"/>
      </symbol>
      <symbol id="sm-425">
         <name>__TI_int51</name>
         <value>0xffee</value>
         <object_component_ref idref="oc-76"/>
      </symbol>
      <symbol id="sm-428">
         <name>__TI_int52</name>
         <value>0xfff0</value>
         <object_component_ref idref="oc-77"/>
      </symbol>
      <symbol id="sm-42b">
         <name>__TI_int53</name>
         <value>0xfff2</value>
         <object_component_ref idref="oc-78"/>
      </symbol>
      <symbol id="sm-42e">
         <name>__TI_int54</name>
         <value>0xfff4</value>
         <object_component_ref idref="oc-79"/>
      </symbol>
      <symbol id="sm-431">
         <name>__TI_int55</name>
         <value>0xfff6</value>
         <object_component_ref idref="oc-7a"/>
      </symbol>
      <symbol id="sm-434">
         <name>__TI_int56</name>
         <value>0xfff8</value>
         <object_component_ref idref="oc-7b"/>
      </symbol>
      <symbol id="sm-437">
         <name>__TI_int57</name>
         <value>0xfffa</value>
         <object_component_ref idref="oc-7c"/>
      </symbol>
      <symbol id="sm-43a">
         <name>__TI_int58</name>
         <value>0xfffc</value>
         <object_component_ref idref="oc-7d"/>
      </symbol>
      <symbol id="sm-442">
         <name>__TI_ISR_TRAP</name>
         <value>0xdcb6</value>
         <object_component_ref idref="oc-299"/>
      </symbol>
      <symbol id="sm-44c">
         <name>__mspabi_mpyi_sw</name>
         <value>0xdc72</value>
         <object_component_ref idref="oc-3a7"/>
      </symbol>
      <symbol id="sm-44d">
         <name>__mspabi_mpyi</name>
         <value>0xdc72</value>
         <object_component_ref idref="oc-3a7"/>
      </symbol>
      <symbol id="sm-45d">
         <name>_stack</name>
         <value>0x2760</value>
         <object_component_ref idref="oc-27b"/>
      </symbol>
      <symbol id="sm-45e">
         <name>_c_int00_noargs</name>
         <value>0xdbb0</value>
         <object_component_ref idref="oc-2b0"/>
      </symbol>
      <symbol id="sm-45f">
         <name>_reset_vector</name>
         <value>0xfffe</value>
         <object_component_ref idref="oc-27e"/>
      </symbol>
      <symbol id="sm-481">
         <name>__TI_auto_init_nobinit_nopinit_hold_wdt</name>
         <value>0xd2d2</value>
         <object_component_ref idref="oc-377"/>
      </symbol>
      <symbol id="sm-491">
         <name>__TI_zero_init_nomemset</name>
         <value>0xd8da</value>
         <object_component_ref idref="oc-29e"/>
      </symbol>
      <symbol id="sm-4a0">
         <name>__TI_dtors_ptr</name>
         <value>0x211c</value>
         <object_component_ref idref="oc-3cd"/>
      </symbol>
      <symbol id="sm-4a1">
         <name>__TI_cleanup_ptr</name>
         <value>0x2118</value>
         <object_component_ref idref="oc-3d0"/>
      </symbol>
      <symbol id="sm-4ad">
         <name>_system_pre_init</name>
         <value>0xdcd6</value>
         <object_component_ref idref="oc-2ef"/>
      </symbol>
      <symbol id="sm-4b6">
         <name>_system_post_cinit</name>
         <value>0xdcdc</value>
         <object_component_ref idref="oc-3d8"/>
      </symbol>
      <symbol id="sm-4c7">
         <name>__TI_decompress_none</name>
         <value>0xd956</value>
         <object_component_ref idref="oc-6a"/>
      </symbol>
      <symbol id="sm-4e8">
         <name>__TI_decompress_lzss</name>
         <value>0xc830</value>
         <object_component_ref idref="oc-64"/>
      </symbol>
      <symbol id="sm-505">
         <name>C$$EXIT</name>
         <value>0xdccc</value>
         <object_component_ref idref="oc-353"/>
      </symbol>
      <symbol id="sm-506">
         <name>abort</name>
         <value>0xdccc</value>
         <object_component_ref idref="oc-353"/>
      </symbol>
      <symbol id="sm-507">
         <name>__TI_enable_exit_profile_output</name>
         <value>0x212e</value>
         <object_component_ref idref="oc-3c7"/>
      </symbol>
      <symbol id="sm-508">
         <name>exit</name>
         <value>0xd74a</value>
         <object_component_ref idref="oc-359"/>
      </symbol>
      <symbol id="sm-51e">
         <name>_nop</name>
         <value>0xdcda</value>
         <object_component_ref idref="oc-42c"/>
      </symbol>
      <symbol id="sm-51f">
         <name>_lock</name>
         <value>0x2120</value>
         <object_component_ref idref="oc-3ca"/>
      </symbol>
      <symbol id="sm-520">
         <name>_unlock</name>
         <value>0x2124</value>
         <object_component_ref idref="oc-3d3"/>
      </symbol>
      <symbol id="sm-531">
         <name>__TI_tmpnams</name>
         <value>0x2252</value>
      </symbol>
      <symbol id="sm-532">
         <name>_ftable</name>
         <value>0x2078</value>
         <object_component_ref idref="oc-40e"/>
      </symbol>
      <symbol id="sm-533">
         <name>__TI_ft_end</name>
         <value>0x212c</value>
         <object_component_ref idref="oc-561"/>
      </symbol>
      <symbol id="sm-542">
         <name>memccpy</name>
         <value>0xdbe8</value>
         <object_component_ref idref="oc-4cf"/>
      </symbol>
      <symbol id="sm-551">
         <name>memchr</name>
         <value>0xdc4a</value>
         <object_component_ref idref="oc-4aa"/>
      </symbol>
      <symbol id="sm-55f">
         <name>memcpy</name>
         <value>0xdc86</value>
         <object_component_ref idref="oc-44b"/>
      </symbol>
      <symbol id="sm-5d5">
         <name>_sys_memory</name>
         <value>0x22fc</value>
         <object_component_ref idref="oc-27f"/>
      </symbol>
      <symbol id="sm-5d6">
         <name>free</name>
         <value>0xcd6c</value>
         <object_component_ref idref="oc-50e"/>
      </symbol>
      <symbol id="sm-5d7">
         <name>memalign</name>
         <value>0xcae2</value>
         <object_component_ref idref="oc-554"/>
      </symbol>
      <symbol id="sm-5d8">
         <name>malloc</name>
         <value>0xdcbe</value>
         <object_component_ref idref="oc-514"/>
      </symbol>
      <symbol id="sm-5d9">
         <name>aligned_alloc</name>
         <value>0xcae2</value>
         <object_component_ref idref="oc-554"/>
      </symbol>
      <symbol id="sm-5e7">
         <name>memset</name>
         <value>0xdc5e</value>
         <object_component_ref idref="oc-4c2"/>
      </symbol>
      <symbol id="sm-5f4">
         <name>strlen</name>
         <value>0xdca8</value>
         <object_component_ref idref="oc-470"/>
      </symbol>
      <symbol id="sm-60b">
         <name>write</name>
         <value>0xdb8c</value>
         <object_component_ref idref="oc-4b6"/>
      </symbol>
      <symbol id="sm-61a">
         <name>_stream</name>
         <value>0x20f0</value>
         <object_component_ref idref="oc-4f1"/>
      </symbol>
      <symbol id="sm-61b">
         <name>_device</name>
         <value>0x2000</value>
         <object_component_ref idref="oc-52d"/>
      </symbol>
      <symbol id="sm-62c">
         <name>__TI_doflush</name>
         <value>0xd4dc</value>
         <object_component_ref idref="oc-4b0"/>
      </symbol>
      <symbol id="sm-638">
         <name>__TI_cleanup</name>
         <value>0xda02</value>
         <object_component_ref idref="oc-51a"/>
      </symbol>
      <symbol id="sm-648">
         <name>fseek</name>
         <value>0xd33c</value>
         <object_component_ref idref="oc-4df"/>
      </symbol>
      <symbol id="sm-653">
         <name>__memcpy_far</name>
         <value>0xd81a</value>
         <object_component_ref idref="oc-28d"/>
      </symbol>
      <symbol id="sm-65f">
         <name>HOSTclose</name>
         <value>0xd792</value>
         <object_component_ref idref="oc-56d"/>
      </symbol>
      <symbol id="sm-66b">
         <name>HOSTlseek</name>
         <value>0xd16c</value>
         <object_component_ref idref="oc-57f"/>
      </symbol>
      <symbol id="sm-679">
         <name>parmbuf</name>
         <value>0x22f2</value>
      </symbol>
      <symbol id="sm-67a">
         <name>HOSTopen</name>
         <value>0xd478</value>
         <object_component_ref idref="oc-567"/>
      </symbol>
      <symbol id="sm-687">
         <name>HOSTread</name>
         <value>0xd59e</value>
         <object_component_ref idref="oc-573"/>
      </symbol>
      <symbol id="sm-693">
         <name>HOSTrename</name>
         <value>0xd268</value>
         <object_component_ref idref="oc-58b"/>
      </symbol>
      <symbol id="sm-69f">
         <name>HOSTunlink</name>
         <value>0xd7d8</value>
         <object_component_ref idref="oc-585"/>
      </symbol>
      <symbol id="sm-6ac">
         <name>HOSTwrite</name>
         <value>0xd53e</value>
         <object_component_ref idref="oc-579"/>
      </symbol>
      <symbol id="sm-6ca">
         <name>__TI_readmsg</name>
         <value>0xda90</value>
         <object_component_ref idref="oc-5c0"/>
      </symbol>
      <symbol id="sm-6cb">
         <name>C$$IO$$</name>
         <value>0xda5e</value>
         <object_component_ref idref="oc-5ba"/>
      </symbol>
      <symbol id="sm-6cc">
         <name>_CIOBUF_</name>
         <value>0x2132</value>
         <object_component_ref idref="oc-5f1"/>
      </symbol>
      <symbol id="sm-6cd">
         <name>__TI_writemsg</name>
         <value>0xda34</value>
         <object_component_ref idref="oc-5ba"/>
      </symbol>
      <symbol id="sm-6db">
         <name>lseek</name>
         <value>0xdb66</value>
         <object_component_ref idref="oc-506"/>
      </symbol>
      <symbol id="sm-6ec">
         <name>__TI_closefile</name>
         <value>0xd410</value>
         <object_component_ref idref="oc-55b"/>
      </symbol>
      <symbol id="sm-70b">
         <name>finddevice</name>
         <value>0xda62</value>
         <object_component_ref idref="oc-614"/>
      </symbol>
      <symbol id="sm-70c">
         <name>getdevice</name>
         <value>0xd6ac</value>
         <object_component_ref idref="oc-5e5"/>
      </symbol>
      <symbol id="sm-714">
         <name>__mspabi_slll_9</name>
         <value>0xd930</value>
         <object_component_ref idref="oc-5cd"/>
      </symbol>
      <symbol id="sm-715">
         <name>__mspabi_slll_8</name>
         <value>0xd934</value>
         <object_component_ref idref="oc-5cd"/>
      </symbol>
      <symbol id="sm-716">
         <name>__mspabi_slll_7</name>
         <value>0xd938</value>
         <object_component_ref idref="oc-5cd"/>
      </symbol>
      <symbol id="sm-717">
         <name>__mspabi_slll_6</name>
         <value>0xd93c</value>
         <object_component_ref idref="oc-5cd"/>
      </symbol>
      <symbol id="sm-718">
         <name>__mspabi_slll_5</name>
         <value>0xd940</value>
         <object_component_ref idref="oc-5cd"/>
      </symbol>
      <symbol id="sm-719">
         <name>__mspabi_slll_4</name>
         <value>0xd944</value>
         <object_component_ref idref="oc-5cd"/>
      </symbol>
      <symbol id="sm-71a">
         <name>__mspabi_slll_3</name>
         <value>0xd948</value>
         <object_component_ref idref="oc-5cd"/>
      </symbol>
      <symbol id="sm-71b">
         <name>__mspabi_slll_2</name>
         <value>0xd94c</value>
         <object_component_ref idref="oc-5cd"/>
      </symbol>
      <symbol id="sm-71c">
         <name>__mspabi_slll_1</name>
         <value>0xd950</value>
         <object_component_ref idref="oc-5cd"/>
      </symbol>
      <symbol id="sm-71d">
         <name>__mspabi_slll_15</name>
         <value>0xd918</value>
         <object_component_ref idref="oc-5cd"/>
      </symbol>
      <symbol id="sm-71e">
         <name>__mspabi_slll_14</name>
         <value>0xd91c</value>
         <object_component_ref idref="oc-5cd"/>
      </symbol>
      <symbol id="sm-71f">
         <name>__mspabi_slll_13</name>
         <value>0xd920</value>
         <object_component_ref idref="oc-5cd"/>
      </symbol>
      <symbol id="sm-720">
         <name>__mspabi_slll_12</name>
         <value>0xd924</value>
         <object_component_ref idref="oc-5cd"/>
      </symbol>
      <symbol id="sm-721">
         <name>__mspabi_slll_11</name>
         <value>0xd928</value>
         <object_component_ref idref="oc-5cd"/>
      </symbol>
      <symbol id="sm-722">
         <name>__mspabi_slll_10</name>
         <value>0xd92c</value>
         <object_component_ref idref="oc-5cd"/>
      </symbol>
      <symbol id="sm-731">
         <name>strchr</name>
         <value>0xdc02</value>
         <object_component_ref idref="oc-608"/>
      </symbol>
      <symbol id="sm-73f">
         <name>strcmp</name>
         <value>0xdc1c</value>
         <object_component_ref idref="oc-62d"/>
      </symbol>
      <symbol id="sm-74c">
         <name>strcpy</name>
         <value>0xdc98</value>
         <object_component_ref idref="oc-5d6"/>
      </symbol>
      <symbol id="sm-75c">
         <name>strncpy</name>
         <value>0xdae8</value>
         <object_component_ref idref="oc-60e"/>
      </symbol>
      <symbol id="sm-76f">
         <name>close</name>
         <value>0xd700</value>
         <object_component_ref idref="oc-5a6"/>
      </symbol>
      <symbol id="sm-77b">
         <name>unlink</name>
         <value>0xdb14</value>
         <object_component_ref idref="oc-5ad"/>
      </symbol>
      <symbol id="sm-77f">
         <name>set_output_mode</name>
         <value>0x0</value>
      </symbol>
      <symbol id="sm-780">
         <name>remove</name>
         <value>0xdb14</value>
      </symbol>
   </symbol_table>
   <title>Link errors: red sections failed placement</title>
</link_info>
